// Vitest Snapshot v1, https://vitest.dev/guide/snapshot.html

exports[`Spacer component Test > renders correctly 1`] = `
<styled.div
  position="margin-bottom"
  size={10}
/>
`;
