// Vitest Snapshot v1, https://vitest.dev/guide/snapshot.html

exports[`Tag component Test > renders correctly 1`] = `
<styled.span
  $backgroundColor="#555"
  $textColor="#484848"
>
  Tag
</styled.span>
`;
