// Vitest Snapshot v1

exports[`Home page component Test > renders correctly 1`] = `
<ForwardRef(MotionComponent)
  animate="animate"
  exit="exit"
  initial="initial"
  transition={
    {
      "type": "just",
    }
  }
  variants={
    {
      "animate": {
        "opacity": 1,
        "y": 0,
      },
      "exit": {
        "opacity": 0,
        "y": 100,
      },
      "initial": {
        "opacity": 0,
        "y": 100,
      },
    }
  }
>
  <HomePage />
</ForwardRef(MotionComponent)>
`;
