// Vitest Snapshot v1

exports[`Click outside component Test > renders correctly 1`] = `
<div>
  <div />
</div>
`;
