// Vitest Snapshot v1

exports[`Typography component Test > renders correctly 1`] = `
<styled.p
  $color="#333"
  $fontSize="2rem"
  $fontWeight={700}
  $lineHeight={1}
  $textAlign="center"
  as="p"
>
  Typo
</styled.p>
`;
