// Vitest Snapshot v1

exports[`Error Boundary component Test > renders correctly 1`] = `<div />`;
