// Vitest Snapshot v1, https://vitest.dev/guide/snapshot.html

exports[`Click outside component Test > renders correctly 1`] = `
<div>
  <div />
</div>
`;
