// Vitest Snapshot v1, https://vitest.dev/guide/snapshot.html

exports[`Article component Test > renders correctly 1`] = `
<styled.article>
  <div />
</styled.article>
`;
